
> my-app@0.1.0 dev
> next dev

▲ Next.js 16.1.6 (Turbopack)
- Local:         http://localhost:3000
- Network:       http://192.168.0.2:3000
- Environments: .env.local, .env

✓ Starting...
✓ Ready in 3.6s
 GET / 200 in 4.1s (compile: 3.6s, render: 522ms)
✓ Compiled in 670ms
 GET / 200 in 472ms (compile: 112ms, render: 360ms)
 POST /api/analyze 200 in 2.2s (compile: 632ms, render: 1532ms)
 GET / 200 in 138ms (compile: 7ms, render: 131ms)
 POST /api/analyze 200 in 1533ms (compile: 22ms, render: 1511ms)
 GET / 200 in 156ms (compile: 4ms, render: 152ms)
 POST /api/analyze 200 in 1520ms (compile: 11ms, render: 1509ms)
 GET / 200 in 132ms (compile: 4ms, render: 128ms)
 POST /api/analyze 200 in 1624ms (compile: 111ms, render: 1513ms)
✓ Compiled in 38ms
✓ Compiled in 70ms
  Reload env: .env
✓ Compiled in 2.1s
Error creating problem: Error [PrismaClientKnownRequestError]:
Invalid `prisma.user.findFirst()` invocation in
/app/.next/dev/server/chunks/[root-of-the-server]__e06da38d._.js:103:46

  100 let userId = user?.id;
  101 if (!userId) {
  102     // if we are bypassing auth, we need a dummy user in db
→ 103     let testUser = await prisma.user.findFirst(
The table `main.User` does not exist in the current database.
    at <unknown> (src/app/api/problems/route.ts:19:41)
    at async POST (src/app/api/problems/route.ts:19:23)
  17 |     if (!userId) {
  18 |        // if we are bypassing auth, we need a dummy user in db
> 19 |        let testUser = await prisma.user.findFirst();
     |                                         ^
  20 |        if (!testUser) {
  21 |            testUser = await prisma.user.create({
  22 |                data: { email: "test@example.com", name: "Test User" } {
  code: 'P2021',
  clientVersion: '6.4.1',
  meta: [Object]
}
 POST /api/problems 500 in 5.5s (compile: 3.9s, render: 1545ms)
[?25h
